[32m[INFO][0m setup plugin alembic.autogenerate.schemas
[32m[INFO][0m setup plugin alembic.autogenerate.tables
[32m[INFO][0m setup plugin alembic.autogenerate.types
[32m[INFO][0m setup plugin alembic.autogenerate.constraints
[32m[INFO][0m setup plugin alembic.autogenerate.defaults
[32m[INFO][0m setup plugin alembic.autogenerate.comments
[32m[INFO][0m setup plugin alembic.ext.checkconstraint_byname
[32m[INFO][0m Found comfy_kitchen backend hip: {'available': False, 'disabled': False, 'unavailable_reason': 'PyTorch ROCm/HIP runtime not available', 'capabilities': []}
[32m[INFO][0m Found comfy_kitchen backend eager: {'available': True, 'disabled': False, 'unavailable_reason': None, 'capabilities': ['adaln', 'apply_rope', 'apply_rope1', 'apply_rope1_', 'apply_rope_', 'apply_rope_split_half', 'apply_rope_split_half1', 'apply_rope_split_half1_', 'apply_rope_split_half_', 'convrot_w4a4_linear', 'dequantize_convrot_w4a4_weight', 'dequantize_int8_convrot_weight', 'dequantize_int8_convrot_weight_dtype', 'dequantize_int8_embedding', 'dequantize_int8_simple', 'dequantize_int8_simple_dtype', 'dequantize_mxfp8', 'dequantize_nvfp4', 'dequantize_per_tensor_fp8', 'dequantize_w4a8_int8_weight', 'gemv_awq_w4a16', 'int8_linear', 'na3d', 'prepare_int4_weight_for_int8_linear', 'quantize_and_rotate_rowwise', 'quantize_convrot_w4a4_weight', 'quantize_int8_convrot_weight', 'quantize_int8_rowwise', 'quantize_int8_tensorwise', 'quantize_mxfp8', 'quantize_nvfp4', 'quantize_per_tensor_fp8', 'quantize_svdquant_w4a4', 'quantize_w4a8_int8_weight', 'rms_adaln', 'rms_rope', 'rms_rope1', 'rms_rope1_', 'rms_rope_', 'rms_rope_split_half', 'rms_rope_split_half1', 'rms_rope_split_half1_', 'rms_rope_split_half_', 'rotate_int8_convrot_weight', 'scaled_mm_mxfp8', 'scaled_mm_nvfp4', 'scaled_mm_svdquant_w4a4', 'sol_attn', 'stochastic_rounding_fp8', 'w4a8_int8_linear']}
[32m[INFO][0m Found comfy_kitchen backend cuda: {'available': True, 'disabled': False, 'unavailable_reason': None, 'capabilities': ['adaln', 'apply_rope', 'apply_rope1', 'apply_rope1_', 'apply_rope_', 'apply_rope_split_half', 'apply_rope_split_half1', 'apply_rope_split_half1_', 'apply_rope_split_half_', 'convrot_w4a4_linear', 'dequantize_convrot_w4a4_weight', 'dequantize_int8_convrot_weight', 'dequantize_int8_convrot_weight_dtype', 'dequantize_int8_simple', 'dequantize_int8_simple_dtype', 'dequantize_nvfp4', 'dequantize_per_tensor_fp8', 'dequantize_w4a8_int8_weight', 'gemv_awq_w4a16', 'int8_linear', 'na3d', 'prepare_int4_weight_for_int8_linear', 'quantize_and_rotate_rowwise', 'quantize_convrot_w4a4_weight', 'quantize_int8_convrot_weight', 'quantize_int8_rowwise', 'quantize_int8_tensorwise', 'quantize_mxfp8', 'quantize_nvfp4', 'quantize_per_tensor_fp8', 'quantize_svdquant_w4a4', 'quantize_w4a8_int8_weight', 'rms_adaln', 'rms_rope', 'rms_rope1', 'rms_rope1_', 'rms_rope_', 'rms_rope_split_half', 'rms_rope_split_half1', 'rms_rope_split_half1_', 'rms_rope_split_half_', 'rotate_int8_convrot_weight', 'scaled_mm_nvfp4', 'scaled_mm_svdquant_w4a4', 'sol_attn', 'stochastic_rounding_fp8', 'w4a8_int8_linear']}
[32m[INFO][0m Found comfy_kitchen backend triton: {'available': True, 'disabled': True, 'unavailable_reason': None, 'capabilities': ['adaln', 'apply_rope', 'apply_rope1', 'apply_rope1_', 'apply_rope_', 'apply_rope_split_half', 'apply_rope_split_half1', 'apply_rope_split_half1_', 'apply_rope_split_half_', 'dequantize_nvfp4', 'dequantize_per_tensor_fp8', 'int8_linear', 'na3d', 'quantize_and_rotate_rowwise', 'quantize_int8_rowwise', 'quantize_mxfp8', 'quantize_nvfp4', 'quantize_per_tensor_fp8', 'rms_adaln', 'rms_rope', 'rms_rope1', 'rms_rope1_', 'rms_rope_', 'rms_rope_split_half', 'rms_rope_split_half1', 'rms_rope_split_half1_', 'rms_rope_split_half_', 'w4a8_int8_linear']}
[32m[INFO][0m Checkpoint files will always be loaded safely.
[32m[INFO][0m Total VRAM 97250 MB, total RAM 145031 MB
[32m[INFO][0m pytorch version: 2.14.0+cu130
[32m[INFO][0m Set vram state to: NORMAL_VRAM
[32m[INFO][0m Device: cuda:0 NVIDIA RTX PRO 6000 Blackwell Server Edition : cudaMallocAsync
[32m[INFO][0m Using async weight offloading with 2 streams
[32m[INFO][0m Enabled pinned memory 130527.0
[32m[INFO][0m Using pytorch attention
/home/Ubuntu/mc-bench/venv/lib/python3.12/site-packages/huggingface_hub/constants.py:299: FutureWarning: The `HF_HUB_ENABLE_HF_TRANSFER` environment variable is deprecated as 'hf_transfer' is not used anymore. Please use `HF_XET_HIGH_PERFORMANCE` instead to enable high performance transfer with Xet. Visit https://huggingface.co/docs/huggingface_hub/package_reference/environment_variables#hfxethighperformance for more details.
  warnings.warn(
[32m[INFO][0m aimdo: /project/src/control.c:276:INFO:comfy-aimdo inited for GPU: NVIDIA RTX PRO 6000 Blackwell Server Edition (VRAM: 97249 MB)
[32m[INFO][0m DynamicVRAM support detected and enabled
[32m[INFO][0m Python version: 3.12.3 (main, Jul 15 2026, 23:46:41) [GCC 13.3.0]
[32m[INFO][0m ComfyUI version: 0.34.0
[32m[INFO][0m comfy-aimdo version: 0.5.2
[32m[INFO][0m comfy-kitchen version: 0.2.33
[1m[33m[WARNING][0m ****** User settings have been changed to be stored on the server instead of browser storage. ******
[1m[33m[WARNING][0m ****** For multi-user setups add the --multi-user CLI argument to enable multiple user profiles. ******
[32m[INFO][0m comfyui-frontend-package version: 1.51.10
[32m[INFO][0m comfyui-workflow-templates version: 0.11.55
[32m[INFO][0m comfyui-embedded-docs version: 0.5.11
[32m[INFO][0m comfy-kitchen version: 0.2.33
[32m[INFO][0m comfy-aimdo version: 0.5.2
[32m[INFO][0m [Prompt Server] web root: /home/Ubuntu/mc-bench/venv/lib/python3.12/site-packages/comfyui_frontend_package/static
[32m[INFO][0m Asset seeder disabled
/home/Ubuntu/mc-bench/venv/lib/python3.12/site-packages/torch/jit/_script.py:1491: FutureWarning: `torch.jit.script` is deprecated. Please switch to `torch.compile` or `torch.export`.
  warnings.warn(
[32m[INFO][0m No OpenGL_accelerate module loaded: No module named 'OpenGL_accelerate'
[32m[INFO][0m 
Import times for custom nodes:
[32m[INFO][0m    0.0 seconds: /home/Ubuntu/mc-bench/ComfyUI/custom_nodes/websocket_image_save.py
[32m[INFO][0m 
[32m[INFO][0m Context impl SQLiteImpl.
[32m[INFO][0m Will assume non-transactional DDL.
[32m[INFO][0m Context impl SQLiteImpl.
[32m[INFO][0m Will assume non-transactional DDL.
[32m[INFO][0m Running upgrade  -> 0001_assets, Initial assets schema
Revision ID: 0001_assets
Revises: None
Create Date: 2025-12-10 00:00:00
[32m[INFO][0m Running upgrade 0001_assets -> 0002_merge_to_asset_references, Merge AssetInfo and AssetCacheState into unified asset_references table.
[32m[INFO][0m Running upgrade 0002_merge_to_asset_references -> 0003_add_metadata_job_id, Add system_metadata and job_id columns to asset_references.
Change preview_id FK from assets.id to asset_references.id.
[32m[INFO][0m Running upgrade 0003_add_metadata_job_id -> 0004_drop_tag_type, Drop the vestigial tags.tag_type column.
[32m[INFO][0m Running upgrade 0004_drop_tag_type -> 0005_allow_case_sensitive_tags, Allow case-sensitive tag names.
[32m[INFO][0m Running upgrade 0005_allow_case_sensitive_tags -> 0006_add_loader_path, Add loader_path column to asset_references.
[32m[INFO][0m Database upgraded from None to 0006_add_loader_path
[32m[INFO][0m Disabling intermediate node cache.
[32m[INFO][0m Starting server

[32m[INFO][0m To see the GUI go to: http://127.0.0.1:8188
[32m[INFO][0m got prompt
[32m[INFO][0m VAE load device: cuda:0, offload device: cpu, dtype: torch.float32
[32m[INFO][0m VAE load device: cuda:0, offload device: cpu, dtype: torch.float16
[32m[INFO][0m Found quantization metadata version 1
[32m[INFO][0m Using MixedPrecisionOps for text encoder
[32m[INFO][0m CLIP/text encoder model load device: cuda:0, offload device: cpu, current: cpu, dtype: torch.float16
[32m[INFO][0m Requested to load MiniMaxH3TEModel_
[32m[INFO][0m Model MiniMaxH3TEModel_ prepared for dynamic VRAM loading. 14956MB Staged. 0 patches attached. Force pre-loaded 410 weights: 4572 KB.
[32m[INFO][0m Found quantization metadata version 1
[32m[INFO][0m Detected mixed precision quantization
[32m[INFO][0m Using mixed precision operations
[32m[INFO][0m Native ops: float8_e5m2, asym_w4a8_int8, convrot_w4a4, float8_e4m3fn, mxfp8, int8_tensorwise, nvfp4 
[32m[INFO][0m model weight dtype torch.bfloat16, manual cast: torch.bfloat16
[32m[INFO][0m model_type FLOW_AV
[32m[INFO][0m Requested to load MiniMaxH3
[32m[INFO][0m Model MiniMaxH3 prepared for dynamic VRAM loading. 19995MB Staged. 208 patches attached. Force pre-loaded 210 weights: 1175 KB.
  0%|          | 0/4 [00:00<?, ?it/s]  0%|          | 0/4 [00:00<?, ?it/s,   Model Initializing ...  ]  0%|          | 0/4 [00:06<?, ?it/s,  Model Initialization complete!  ] 25%|██▌       | 1/4 [00:06<00:20,  6.77s/it,  Model Initialization complete!  ] 25%|██▌       | 1/4 [00:19<00:20,  6.77s/it]                                    50%|█████     | 2/4 [00:19<00:19,  9.82s/it] 75%|███████▌  | 3/4 [00:25<00:05,  5.51s/it]100%|██████████| 4/4 [00:33<00:00,  8.16s/it]100%|██████████| 4/4 [00:33<00:00,  8.33s/it]
[32m[INFO][0m Comfy model compiler graph breaks: 1
[32m[INFO][0m Requested to load MiniMaxH3AudioVAE
[32m[INFO][0m Model MiniMaxH3AudioVAE prepared for dynamic VRAM loading. 576MB Staged. 0 patches attached. Force pre-loaded 401 weights: 539 KB.
[32m[INFO][0m Requested to load MiniMaxH3VideoVAE
[32m[INFO][0m Model MiniMaxH3VideoVAE prepared for dynamic VRAM loading. 4965MB Staged. 0 patches attached. Force pre-loaded 128 weights: 348 KB.
[32m[INFO][0m [32mPrompt executed in 52.00 seconds[0m
[32m[INFO][0m got prompt
[32m[INFO][0m VAE load device: cuda:0, offload device: cpu, dtype: torch.float32
[32m[INFO][0m VAE load device: cuda:0, offload device: cpu, dtype: torch.float16
[32m[INFO][0m Found quantization metadata version 1
[32m[INFO][0m Using MixedPrecisionOps for text encoder
[32m[INFO][0m CLIP/text encoder model load device: cuda:0, offload device: cpu, current: cpu, dtype: torch.float16
[32m[INFO][0m Requested to load MiniMaxH3TEModel_
[32m[INFO][0m Model MiniMaxH3TEModel_ prepared for dynamic VRAM loading. 14956MB Staged. 0 patches attached. Force pre-loaded 410 weights: 4572 KB.
[32m[INFO][0m Found quantization metadata version 1
[32m[INFO][0m Detected mixed precision quantization
[32m[INFO][0m Using mixed precision operations
[32m[INFO][0m Native ops: float8_e5m2, asym_w4a8_int8, convrot_w4a4, float8_e4m3fn, mxfp8, int8_tensorwise, nvfp4 
[32m[INFO][0m model weight dtype torch.bfloat16, manual cast: torch.bfloat16
[32m[INFO][0m model_type FLOW_AV
[32m[INFO][0m Requested to load MiniMaxH3
[32m[INFO][0m Model MiniMaxH3 prepared for dynamic VRAM loading. 19995MB Staged. 208 patches attached. Force pre-loaded 210 weights: 1175 KB.
  0%|          | 0/4 [00:00<?, ?it/s]  0%|          | 0/4 [00:00<?, ?it/s,   Model Initializing ...  ]  0%|          | 0/4 [00:09<?, ?it/s,  Model Initialization complete!  ] 25%|██▌       | 1/4 [00:09<00:27,  9.18s/it,  Model Initialization complete!  ] 25%|██▌       | 1/4 [00:11<00:27,  9.18s/it]                                    50%|█████     | 2/4 [00:11<00:11,  5.68s/it] 75%|███████▌  | 3/4 [00:19<00:08,  8.19s/it]100%|██████████| 4/4 [00:27<00:00,  8.21s/it]100%|██████████| 4/4 [00:27<00:00,  6.94s/it]
[32m[INFO][0m Comfy model compiler graph breaks: 1
[32m[INFO][0m Requested to load MiniMaxH3AudioVAE
[32m[INFO][0m Model MiniMaxH3AudioVAE prepared for dynamic VRAM loading. 576MB Staged. 0 patches attached. Force pre-loaded 401 weights: 539 KB.
[32m[INFO][0m Requested to load MiniMaxH3VideoVAE
[32m[INFO][0m Model MiniMaxH3VideoVAE prepared for dynamic VRAM loading. 4965MB Staged. 0 patches attached. Force pre-loaded 128 weights: 348 KB.
[32m[INFO][0m [32mPrompt executed in 55.63 seconds[0m
