/home/Ubuntu/mc-bench/LTX-2/.venv/lib/python3.12/site-packages/huggingface_hub/constants.py:299: FutureWarning: The `HF_HUB_ENABLE_HF_TRANSFER` environment variable is deprecated as 'hf_transfer' is not used anymore. Please use `HF_XET_HIGH_PERFORMANCE` instead to enable high performance transfer with Xet. Visit https://huggingface.co/docs/huggingface_hub/package_reference/environment_variables#hfxethighperformance for more details.
  warnings.warn(
INFO:ltx_pipelines.utils.constants:Checkpoint declares model_version=2.5.0 (parsed as (2, 5, 0))
INFO:ltx_pipelines.utils.constants:Checkpoint declares model_version=2.5.0 (parsed as (2, 5, 0))
INFO:ltx_pipelines.utils.blocks:Building text encoder from /home/Ubuntu/mc-bench/LTX-2/models/ltx-2.5/text_encoders/gemma4-12b-with-proj-ltx-2.5-bf16.safetensors
INFO:ltx_pipelines.utils.blocks:Text encoder done, building embeddings processor from ('/home/Ubuntu/mc-bench/LTX-2/models/ltx-2.5/diffusion_models/ltx-2.5-22b-distilled-transformer-bf16.safetensors', '/home/Ubuntu/mc-bench/LTX-2/models/ltx-2.5/text_encoders/gemma4-12b-with-proj-ltx-2.5-bf16.safetensors')
INFO:ltx_pipelines.utils.blocks:Prompt encoding complete
INFO:ltx_pipelines.utils.blocks:Building transformer (standard) from /home/Ubuntu/mc-bench/LTX-2/models/ltx-2.5/diffusion_models/ltx-2.5-22b-distilled-transformer-bf16.safetensors
INFO:ltx_core.model.transformer.model:Building transformer with attention backends -- self: SDPA[CUDNN_ATTENTION>FLASH_ATTENTION>EFFICIENT_ATTENTION>MATH], masked: SDPA[CUDNN_ATTENTION>FLASH_ATTENTION>EFFICIENT_ATTENTION>MATH]
INFO:ltx_pipelines.utils.blocks:Running denoising loop (8 steps, 768x512 121 frames @ 24.0 fps)
  0%|          | 0/8 [00:00<?, ?it/s] 12%|█▎        | 1/8 [00:01<00:12,  1.72s/it] 25%|██▌       | 2/8 [00:03<00:09,  1.54s/it] 38%|███▊      | 3/8 [00:04<00:07,  1.49s/it] 50%|█████     | 4/8 [00:05<00:05,  1.46s/it] 62%|██████▎   | 5/8 [00:07<00:04,  1.45s/it] 75%|███████▌  | 6/8 [00:08<00:02,  1.44s/it] 88%|████████▊ | 7/8 [00:10<00:01,  1.43s/it] 88%|████████▊ | 7/8 [00:11<00:01,  1.67s/it]
INFO:ltx_pipelines.utils.blocks:Building video encoder + spatial upsampler from /home/Ubuntu/mc-bench/LTX-2/models/ltx-2.5/latent_upscale_models/ltx-2.5-latent-spatial-upscaler-x2-bf16-1.0.safetensors
INFO:ltx_pipelines.utils.blocks:Building transformer (standard) from /home/Ubuntu/mc-bench/LTX-2/models/ltx-2.5/diffusion_models/ltx-2.5-22b-distilled-transformer-bf16.safetensors
INFO:ltx_pipelines.utils.blocks:Running denoising loop (3 steps, 1536x1024 121 frames @ 24.0 fps)
  0%|          | 0/3 [00:00<?, ?it/s][W831 16:10:05.479702371 CUDACachingAllocator.cpp:3933] memory allocation failed with OOM on device 0 while trying to allocate 805306368 bytes (free: 750125056, total: 47665709056).
 33%|███▎      | 1/3 [00:07<00:14,  7.26s/it] 67%|██████▋   | 2/3 [00:14<00:07,  7.23s/it]100%|██████████| 3/3 [00:21<00:00,  7.24s/it]100%|██████████| 3/3 [00:21<00:00,  7.24s/it]
INFO:ltx_pipelines.utils.blocks:Building video decoder from /home/Ubuntu/mc-bench/LTX-2/models/ltx-2.5/vae/ltx-2.5-video-vae-bf16.safetensors
INFO:ltx_pipelines.utils.blocks:Building audio decoder + vocoder from /home/Ubuntu/mc-bench/LTX-2/models/ltx-2.5/vae/ltx-2.5-audio-vae-bf16.safetensors
  0%|          | 0/1 [00:00<?, ?it/s]100%|██████████| 1/1 [00:00<00:00,  6.52it/s]100%|██████████| 1/1 [00:00<00:00,  2.12it/s]
INFO:ltx_pipelines.utils.media_io.encode:Video saved to /home/Ubuntu/mc-bench/out/ltx25/warm.mp4
